[glanz.starkethemes.com/index.html]
[backblue.gif]
[fade.gif]
[index.html]
[glanz.starkethemes.com/wp-content/plugins/contact-form-7/includes/css/styles.css]
[mc.yandex.ru/metrika/watch.js]
[glanz.starkethemes.com/wp-content/plugins/instagram-feed/css/sb-instagram.min.css]
[glanz.starkethemes.com/wp-content/plugins/woocommerce/assets/css/woocommerce-layout.css]
[glanz.starkethemes.com/wp-content/plugins/woocommerce/assets/css/woocommerce-smallscreen.css]
[glanz.starkethemes.com/wp-content/plugins/woocommerce/assets/css/woocommerce.css]
[glanz.starkethemes.com/wp-content/themes/glanztheme/css/glanztheme_library.css]
[glanz.starkethemes.com/wp-content/themes/glanztheme/fonts/themify-icons.css]
[glanz.starkethemes.com/wp-content/themes/glanztheme/css/glanztheme_style.css]
[glanz.starkethemes.com/wp-content/themes/glanztheme/style.css]
[glanz.starkethemes.com/wp-content/plugins/unyson/framework/extensions/builder/static/css/frontend-grid.css]
[glanz.starkethemes.com/wp-content/plugins/unyson/framework/extensions/forms/static/css/frontend.css]
[glanz.starkethemes.com/wp-content/plugins/unyson/framework/extensions/shortcodes/shortcodes/section/static/css/background.css]
[glanz.starkethemes.com/wp-content/plugins/unyson/framework/static/libs/font-awesome/css/font-awesome.min.css]
[glanz.starkethemes.com/xmlrpc0db0.php]
[glanz.starkethemes.com/wp-json/index.html]
[glanz.starkethemes.com/wp-json/oembed/1.0/embed0256.json]
[glanz.starkethemes.com/wp-json/oembed/1.0/embed78b2]
[glanz.starkethemes.com/wp-content/themes/glanztheme/images/animations/main_logo_wh.gif]
[glanz.starkethemes.com/wp-content/themes/glanztheme/images/animations/just.gif]
[glanz.starkethemes.com/wp-content/uploads/2017/07/pr1-900x510.jpg]
[glanz.starkethemes.com/home-1-animated-flowers/index.html]
[glanz.starkethemes.com/wp-content/uploads/2017/07/pr2-900x510.jpg]
[glanz.starkethemes.com/wp-content/uploads/2017/07/pr3-600x340.jpg]
[glanz.starkethemes.com/home-2-pink-animated-flowers/index.html]
[glanz.starkethemes.com/wp-content/uploads/2017/07/pr4-600x340.jpg]
[glanz.starkethemes.com/home-3-golden-badges/index.html]
[glanz.starkethemes.com/home-4-great-flowers/index.html]
[glanz.starkethemes.com/wp-content/uploads/2017/07/pr5-600x340.jpg]
[glanz.starkethemes.com/home-5-great-flowers/index.html]
[glanz.starkethemes.com/wp-content/uploads/2017/07/pr6-600x340.jpg]
[glanz.starkethemes.com/home-6-great-flowers/index.html]
[glanz.starkethemes.com/wp-content/uploads/2017/07/pr7-600x340.jpg]
[glanz.starkethemes.com/home-pege-7/index.html]
[glanz.starkethemes.com/wp-content/uploads/2017/07/pr8-600x340.jpg]
[glanz.starkethemes.com/wp-content/themes/glanztheme/images/animations/ourwedding.gif]
[glanz.starkethemes.com/wp-content/uploads/2017/07/b1-600x340.jpg]
[glanz.starkethemes.com/home-8-landing/index.html]
[glanz.starkethemes.com/wedding-planner/index.html]
[glanz.starkethemes.com/wp-content/uploads/2017/07/b2-600x340.jpg]
[glanz.starkethemes.com/wedding-cakes/index.html]
[glanz.starkethemes.com/wp-content/themes/glanztheme/images/invitations/inv_i/save_the_date_pu.gif]
[glanz.starkethemes.com/wedding-flowers/index.html]
[glanz.starkethemes.com/wp-content/uploads/2017/07/i1-600x403.jpg]
[glanz.starkethemes.com/invitation-i/index.html]
[glanz.starkethemes.com/wp-content/uploads/2017/07/i2-600x403.jpg]
[glanz.starkethemes.com/invitation-ii/index.html]
[glanz.starkethemes.com/wp-content/uploads/2017/07/i3-600x403.jpg]
[glanz.starkethemes.com/invitation-iii/index.html]
[glanz.starkethemes.com/wp-content/uploads/2017/07/i4-600x403.jpg]
[glanz.starkethemes.com/invitation-iv/index.html]
[glanz.starkethemes.com/wp-content/uploads/2017/07/OIZY2P0-1400x933.jpg]
[glanz.starkethemes.com/wp-content/themes/glanztheme/images/animations/thanks_gold_wh.gif]
[ajax.googleapis.com/ajax/libs/jquery/1.12.4/jquery.min.js]
[glanz.starkethemes.com/wp-includes/js/jquery/jquery-migrate.min.js]
[ajax.aspnetcdn.com/ajax/jquery.validate/1.15.0/jquery.validate.min.js]
[glanz.starkethemes.com/wp-content/plugins/rsvp/rsvp_plugin.js]
[glanz.starkethemes.com/wp-content/plugins/contact-form-7/includes/js/scripts.js]
[glanz.starkethemes.com/wp-content/plugins/instagram-feed/js/sb-instagram.min.js]
[glanz.starkethemes.com/wp-content/plugins/woocommerce/assets/js/frontend/add-to-cart.min.js]
[glanz.starkethemes.com/wp-content/plugins/woocommerce/assets/js/jquery-blockui/jquery.blockUI.min.js]
[glanz.starkethemes.com/wp-content/plugins/woocommerce/assets/js/js-cookie/js.cookie.min.js]
[glanz.starkethemes.com/wp-content/plugins/woocommerce/assets/js/frontend/cart-fragments.min.js]
[glanz.starkethemes.com/wp-includes/js/imagesloaded.min.js]
[glanz.starkethemes.com/wp-content/plugins/unyson/framework/static/js/fw-form-helpers.js]
[glanz.starkethemes.com/wp-content/themes/glanztheme/js/glanztheme_library.js]
[glanz.starkethemes.com/wp-content/themes/glanztheme/js/navigation.js]
[ajax.googleapis.com/ajax/libs/jqueryui/1.11.4/jquery-ui.min.js]
[glanz.starkethemes.com/wp-content/themes/glanztheme/js/glanztheme_script.js]
[glanz.starkethemes.com/wp-content/plugins/unyson/framework/extensions/shortcodes/shortcodes/section/static/js/core.js]
[glanz.starkethemes.com/wp-content/plugins/unyson/framework/extensions/shortcodes/shortcodes/section/static/js/transition.js]
[glanz.starkethemes.com/wp-content/plugins/unyson/framework/extensions/shortcodes/shortcodes/section/static/js/background.js]
[glanz.starkethemes.com/index.html]
[glanz.starkethemes.com/wp-includes/js/wp-embed.min.js]
[glanz.starkethemes.com/wp-content/plugins/rsvp/rsvp_plugin.css]
[glanz.starkethemes.com/wp-content/plugins/contact-form-7/images/ajax-loader.gif]
[glanz.starkethemes.com/wp-content/plugins/contact-form-7/includes/css/styles.css]
[glanz.starkethemes.com/wp-content/plugins/instagram-feed/img/loader.png]
[glanz.starkethemes.com/wp-content/plugins/instagram-feed/img/small-logo.png]
[glanz.starkethemes.com/wp-content/plugins/instagram-feed/css/sb-instagram.min.css]
[glanz.starkethemes.com/wp-content/plugins/woocommerce/assets/css/woocommerce-layout.css]
[glanz.starkethemes.com/wp-content/plugins/woocommerce/assets/css/woocommerce-smallscreen.css]
[glanz.starkethemes.com/wp-content/plugins/woocommerce/assets/fonts/star.eot]
[glanz.starkethemes.com/wp-content/plugins/woocommerce/assets/fonts/stard41d.eot]
[glanz.starkethemes.com/wp-content/plugins/woocommerce/assets/fonts/star.woff]
[glanz.starkethemes.com/wp-content/plugins/woocommerce/assets/fonts/star.ttf]
[glanz.starkethemes.com/wp-content/plugins/woocommerce/assets/fonts/star.svg]
[glanz.starkethemes.com/wp-content/plugins/woocommerce/assets/fonts/WooCommerce.eot]
[glanz.starkethemes.com/wp-content/plugins/woocommerce/assets/fonts/WooCommerced41d.eot]
[glanz.starkethemes.com/wp-content/plugins/woocommerce/assets/fonts/WooCommerce.woff]
[glanz.starkethemes.com/wp-content/plugins/woocommerce/assets/fonts/WooCommerce.ttf]
[glanz.starkethemes.com/wp-content/plugins/woocommerce/assets/fonts/WooCommerce.svg]
[glanz.starkethemes.com/wp-content/plugins/woocommerce/assets/css/photoswipe/default-skin/default-skin.png]
[glanz.starkethemes.com/wp-content/plugins/woocommerce/assets/images/icons/credit-cards/visa.svg]
[glanz.starkethemes.com/wp-content/plugins/woocommerce/assets/images/icons/credit-cards/mastercard.svg]
[glanz.starkethemes.com/wp-content/plugins/woocommerce/assets/images/icons/credit-cards/laser.svg]
[glanz.starkethemes.com/wp-content/plugins/woocommerce/assets/images/icons/credit-cards/diners.svg]
[glanz.starkethemes.com/wp-content/plugins/woocommerce/assets/images/icons/credit-cards/maestro.svg]
[glanz.starkethemes.com/wp-content/plugins/woocommerce/assets/images/icons/credit-cards/jcb.svg]
[glanz.starkethemes.com/wp-content/plugins/woocommerce/assets/images/icons/credit-cards/amex.svg]
[glanz.starkethemes.com/wp-content/plugins/woocommerce/assets/images/icons/credit-cards/discover.svg]
[glanz.starkethemes.com/wp-content/plugins/woocommerce/assets/css/woocommerce.css]
[glanz.starkethemes.com/wp-content/themes/glanztheme/fonts/glyphicons-halflings-regular.eot]
[glanz.starkethemes.com/wp-content/themes/glanztheme/fonts/glyphicons-halflings-regulard41d.eot]
[glanz.starkethemes.com/wp-content/themes/glanztheme/fonts/glyphicons-halflings-regular.woff2]
[glanz.starkethemes.com/wp-content/themes/glanztheme/fonts/glyphicons-halflings-regular.woff]
[glanz.starkethemes.com/wp-content/themes/glanztheme/fonts/glyphicons-halflings-regular.ttf]
[glanz.starkethemes.com/wp-content/themes/glanztheme/fonts/glyphicons-halflings-regular.svg]
[glanz.starkethemes.com/wp-content/themes/glanztheme/css/grabbing.png]
[glanz.starkethemes.com/wp-content/themes/glanztheme/css/AjaxLoader.gif]
[glanz.starkethemes.com/wp-content/themes/glanztheme/css/glanztheme_library.css]
[glanz.starkethemes.com/wp-content/themes/glanztheme/fonts/fonts/themify.eot]
[glanz.starkethemes.com/wp-content/themes/glanztheme/fonts/fonts/themify.woff]
[glanz.starkethemes.com/wp-content/themes/glanztheme/fonts/fonts/themify.ttf]
[glanz.starkethemes.com/wp-content/themes/glanztheme/fonts/wedding/Flaticon.eot]
[glanz.starkethemes.com/wp-content/themes/glanztheme/fonts/fonts/themify.svg]
[glanz.starkethemes.com/wp-content/themes/glanztheme/fonts/wedding/Flaticon.woff]
[glanz.starkethemes.com/wp-content/themes/glanztheme/fonts/wedding/Flaticond41d.eot]
[glanz.starkethemes.com/wp-content/themes/glanztheme/fonts/wedding/Flaticon.ttf]
[glanz.starkethemes.com/wp-content/themes/glanztheme/fonts/themify-icons.css]
[glanz.starkethemes.com/wp-content/themes/glanztheme/fonts/marsha/marsha_belle_demo_version-webfont.eot]
[glanz.starkethemes.com/wp-content/themes/glanztheme/fonts/wedding/Flaticon.svg]
[glanz.starkethemes.com/wp-content/themes/glanztheme/fonts/marsha/marsha_belle_demo_version-webfont.woff2]
[glanz.starkethemes.com/wp-content/themes/glanztheme/fonts/marsha/marsha_belle_demo_version-webfontd41d.eot]
[glanz.starkethemes.com/wp-content/themes/glanztheme/fonts/marsha/marsha_belle_demo_version-webfont.woff]
[glanz.starkethemes.com/wp-content/themes/glanztheme/fonts/marsha/marsha_belle_demo_version-webfont.ttf]
[glanz.starkethemes.com/wp-content/themes/glanztheme/fonts/marsha/marsha_belle_demo_version-webfont.svg]
[glanz.starkethemes.com/wp-content/themes/glanztheme/fonts/marsha/stylesheet.css]
[glanz.starkethemes.com/wp-content/themes/glanztheme/css/woocommerce.css]
[glanz.starkethemes.com/wp-content/themes/glanztheme/images/enhance_logo_n.png]
[glanz.starkethemes.com/wp-content/themes/glanztheme/images/gold_numbers_wh.gif]
[glanz.starkethemes.com/wp-content/themes/glanztheme/images/gold_numbers.gif]
[glanz.starkethemes.com/wp-content/themes/glanztheme/images/flowers_slider/fl2_c1.png]
[glanz.starkethemes.com/wp-content/themes/glanztheme/images/flowers_slider/fl2_c2.png]
[glanz.starkethemes.com/wp-content/themes/glanztheme/images/flowers_slider/fl2_c3.png]
[glanz.starkethemes.com/wp-content/themes/glanztheme/images/flowers_slider/fl2_c4.png]
[glanz.starkethemes.com/wp-content/themes/glanztheme/images/flowers_slider/fl2_c5.png]
[glanz.starkethemes.com/wp-content/themes/glanztheme/images/flowers_slider/fl2_c6.png]
[glanz.starkethemes.com/wp-content/themes/glanztheme/images/flowers_slider/fl3_c1.png]
[glanz.starkethemes.com/wp-content/themes/glanztheme/images/flowers_slider/fl3_c2.png]
[glanz.starkethemes.com/wp-content/themes/glanztheme/images/flowers_slider/fl3_c3.png]
[glanz.starkethemes.com/wp-content/themes/glanztheme/images/flowers_slider/fl3_c4.png]
[glanz.starkethemes.com/wp-content/themes/glanztheme/images/flowers_slider/fl3_c5.png]
[glanz.starkethemes.com/wp-content/themes/glanztheme/images/flowers_slider/fl3_c6.png]
[glanz.starkethemes.com/wp-content/themes/glanztheme/images/flowers_slider/fl1_c1.png]
[glanz.starkethemes.com/wp-content/themes/glanztheme/images/flowers_slider/fl1_c2.png]
[glanz.starkethemes.com/wp-content/themes/glanztheme/images/flowers_slider/fl1_c3.png]
[glanz.starkethemes.com/wp-content/themes/glanztheme/images/flowers_slider/fl1_c4.png]
[glanz.starkethemes.com/wp-content/themes/glanztheme/images/flowers_slider/fl1_c5.png]
[glanz.starkethemes.com/wp-content/themes/glanztheme/images/flowers_slider/fl1_c6.png]
[glanz.starkethemes.com/wp-content/themes/glanztheme/images/flower.png]
[glanz.starkethemes.com/wp-content/themes/glanztheme/images/flower2.png]
[glanz.starkethemes.com/wp-content/themes/glanztheme/images/flower2_bird.png]
[glanz.starkethemes.com/wp-content/themes/glanztheme/images/flower3.png]
[glanz.starkethemes.com/wp-content/themes/glanztheme/images/cursor.png]
[glanz.starkethemes.com/wp-content/themes/glanztheme/images/macbook2.88.delayed]
[glanz.starkethemes.com/wp-content/themes/glanztheme/images/gla_desktop.png]
[glanz.starkethemes.com/wp-content/themes/glanztheme/images/gla_mobile_header.png]
[glanz.starkethemes.com/wp-content/themes/glanztheme/images/gla_tablet_header.png]
[glanz.starkethemes.com/wp-content/themes/glanztheme/css/glanztheme_style.css]
[glanz.starkethemes.com/wp-content/themes/glanztheme/style.css]
[glanz.starkethemes.com/wp-content/plugins/unyson/framework/extensions/breadcrumbs/static/css/style.css]
[glanz.starkethemes.com/wp-content/plugins/unyson/framework/extensions/builder/static/css/frontend-grid.css]
[glanz.starkethemes.com/wp-content/plugins/unyson/framework/extensions/forms/static/css/frontend.css]
[glanz.starkethemes.com/wp-content/plugins/unyson/framework/extensions/shortcodes/shortcodes/section/static/css/background.css]
[glanz.starkethemes.com/wp-content/plugins/unyson/framework/extensions/shortcodes/shortcodes/section/static/css/styles.css]
[glanz.starkethemes.com/wp-content/plugins/unyson/framework/static/libs/font-awesome/fonts/fontawesome-webfont3e6e.eot]
[glanz.starkethemes.com/wp-content/plugins/unyson/framework/static/libs/font-awesome/fonts/fontawesome-webfontd41d.eot]
[glanz.starkethemes.com/wp-content/plugins/unyson/framework/static/libs/font-awesome/fonts/fontawesome-webfont3e6e.woff2]
[glanz.starkethemes.com/wp-content/plugins/unyson/framework/static/libs/font-awesome/fonts/fontawesome-webfont3e6e.woff]
[glanz.starkethemes.com/wp-content/plugins/unyson/framework/static/libs/font-awesome/fonts/fontawesome-webfont3e6e.ttf]
[glanz.starkethemes.com/wp-content/plugins/unyson/framework/static/libs/font-awesome/css/font-awesome.min.css]
[glanz.starkethemes.com/wp-content/plugins/unyson/framework/static/libs/font-awesome/fonts/fontawesome-webfont3e6e.svg]
[glanz.starkethemes.com/wp-json/oembed/1.0/embed30e2.json]
[glanz.starkethemes.com/wp-json/oembed/1.0/embed9eae]
[glanz.starkethemes.com/wp-content/themes/glanztheme/images/animations/ourwedding_wh.gif]
[glanz.starkethemes.com/category/news/index.html]
[glanz.starkethemes.com/2017/07/03/natalia-xaviers-parisian-engagement-shoot/index.html]
[glanz.starkethemes.com/wp-content/themes/glanztheme/images/animations/flowers.gif]
[glanz.starkethemes.com/product-category/flowers/index.html]
[glanz.starkethemes.com/wp-content/uploads/2017/06/10096243776_4e750f391d_k-1400x788.jpg]
[glanz.starkethemes.com/wp-content/themes/glanztheme/images/animations/savethedate_wh.gif]
[glanz.starkethemes.com/product/same-day-fresh-from-a-florist-6/index.html]
[glanz.starkethemes.com/when-where-blocks/index.html]
[glanz.starkethemes.com/wp-content/themes/glanztheme/images/animations/flowers2.gif]
[glanz.starkethemes.com/friends-blocks/index.html]
[glanz.starkethemes.com/wp-content/uploads/2017/06/10095142066_6a86ebfe67_k-600x400.jpg]
[glanz.starkethemes.com/about-us-blocks/index.html]
[glanz.starkethemes.com/wp-content/uploads/2017/06/10100100896_8b80e531d1_k-600x400.jpg]
[glanz.starkethemes.com/save-the-date-blocks/index.html]
[glanz.starkethemes.com/wp-content/uploads/2017/06/q9nabuuiuvq-scott-webb-600x399.jpg]
[glanz.starkethemes.com/rsvp-blocks/index.html]
[glanz.starkethemes.com/wp-content/uploads/2017/06/10094956883_a882196f8c_k-1400x933.jpg]
[glanz.starkethemes.com/all-animated-badges/index.html]
[glanz.starkethemes.com/wp-content/themes/glanztheme/images/animations/just_wh.gif]
[glanz.starkethemes.com/guestbook/index.html]
[glanz.starkethemes.com/frontend-uploader/index.html]
[glanz.starkethemes.com/wp-content/themes/glanztheme/images/animations/flowers3.gif]
[glanz.starkethemes.com/shortcodes/index.html]
[glanz.starkethemes.com/wp-content/uploads/2017/06/2-1200x675.jpg]
[glanz.starkethemes.com/instagram/index.html]
[glanz.starkethemes.com/wp-content/uploads/2017/06/2-700x394.jpg]
[glanz.starkethemes.com/preloader/index.html]
[glanz.starkethemes.com/wp-content/uploads/2017/06/4-1200x800.jpg]
[glanz.starkethemes.com/testimonials/index.html]
[glanz.starkethemes.com/wp-content/uploads/2017/06/4-700x467.jpg]
[glanz.starkethemes.com/video-intro-page/index.html]
[glanz.starkethemes.com/wp-content/uploads/2017/06/6-1200x800.jpg]
[glanz.starkethemes.com/video-slider/index.html]
[glanz.starkethemes.com/wp-content/uploads/2017/06/6-700x467.jpg]
[glanz.starkethemes.com/slider-page/index.html]
[glanz.starkethemes.com/wp-content/uploads/2017/06/8-1200x800.jpg]
[glanz.starkethemes.com/transparent-header/index.html]
[glanz.starkethemes.com/wp-content/uploads/2017/06/8-700x467.jpg]
[glanz.starkethemes.com/white-header/index.html]
[glanz.starkethemes.com/wp-content/uploads/2017/06/10-1200x800.jpg]
[glanz.starkethemes.com/black-header/index.html]
[glanz.starkethemes.com/wp-content/uploads/2017/06/10-700x467.jpg]
[glanz.starkethemes.com/image-header/index.html]
[glanz.starkethemes.com/wp-content/uploads/2017/06/13-1200x800.jpg]
[glanz.starkethemes.com/wp-content/uploads/2017/06/13-700x467.jpg]
[glanz.starkethemes.com/wp-content/uploads/2017/06/16-1200x800.jpg]
[glanz.starkethemes.com/wp-content/uploads/2017/06/16-700x467.jpg]
[glanz.starkethemes.com/wp-content/uploads/2017/06/17-1200x1801.jpg]
[glanz.starkethemes.com/wp-content/uploads/2017/06/17-700x1051.jpg]
[glanz.starkethemes.com/wp-content/uploads/2017/06/19-1200x800.jpg]
[glanz.starkethemes.com/wp-content/uploads/2017/06/19-700x467.jpg]
[glanz.starkethemes.com/wp-content/uploads/2017/06/20-1200x800.jpg]
[glanz.starkethemes.com/wp-content/uploads/2017/06/20-700x467.jpg]
[glanz.starkethemes.com/wp-content/uploads/2017/06/1-1200x800.jpg]
[glanz.starkethemes.com/wp-content/uploads/2017/06/1-700x467.jpg]
[glanz.starkethemes.com/wp-content/uploads/2017/06/3-1200x800.jpg]
[glanz.starkethemes.com/wp-content/uploads/2017/06/3-700x467.jpg]
[glanz.starkethemes.com/wp-content/uploads/2017/06/5-1200x800.jpg]
[glanz.starkethemes.com/wp-content/uploads/2017/06/5-700x467.jpg]
[glanz.starkethemes.com/wp-content/uploads/2017/06/7-1200x800.jpg]
[glanz.starkethemes.com/wp-content/uploads/2017/06/7-700x467.jpg]
[glanz.starkethemes.com/wp-content/uploads/2017/06/11-1200x800.jpg]
[glanz.starkethemes.com/wp-content/uploads/2017/06/11-700x467.jpg]
[glanz.starkethemes.com/wp-content/uploads/2017/06/14-1200x800.jpg]
[glanz.starkethemes.com/wp-content/uploads/2017/06/14-700x467.jpg]
[glanz.starkethemes.com/wp-content/uploads/2017/06/18-1200x800.jpg]
[glanz.starkethemes.com/wp-content/uploads/2017/06/18-700x467.jpg]
[glanz.starkethemes.com/wp-content/uploads/2017/06/14-1400x933.jpg]
[glanz.starkethemes.com/wp-content/uploads/2017/06/l1-238x180.png]
[glanz.starkethemes.com/wp-content/uploads/2017/06/l2-233x180.png]
[glanz.starkethemes.com/wp-content/uploads/2017/06/l3-219x180.png]
[glanz.starkethemes.com/wp-content/uploads/2017/06/l4-171x180.png]
[glanz.starkethemes.com/wp-content/uploads/2017/06/l5-197x180.png]
[glanz.starkethemes.com/wp-content/uploads/2017/06/l6-284x180.png]
[glanz.starkethemes.com/wp-content/themes/glanztheme/images/animations/rsvp.gif]
[glanz.starkethemes.com/wp-content/uploads/2017/06/18-1400x933.jpg]
[glanz.starkethemes.com/wp-content/themes/glanztheme/images/animations/thnyou_wh.gif]
[glanz.starkethemes.com/home-1-animated-flowers/index.html]
[glanz.starkethemes.com/wp-json/oembed/1.0/embed8208.json]
[glanz.starkethemes.com/wp-json/oembed/1.0/embed9b2d]
[glanz.starkethemes.com/wp-content/uploads/2017/06/14214412498_73d4296c75_k_sm-1-1000x1000.jpg]
[glanz.starkethemes.com/wp-content/themes/glanztheme/images/animations/flower5.gif]
[glanz.starkethemes.com/wp-content/uploads/2017/06/14214309838_1a8f80c65a_k-1400x933.jpg]
[glanz.starkethemes.com/wp-content/themes/glanztheme/images/animations/flower6.gif]
[glanz.starkethemes.com/wp-content/uploads/2017/07/14214580180_4dbce3ed37_k-600x600.jpg]
[glanz.starkethemes.com/wp-content/uploads/2017/06/14214471159_96ea39117f_k-2-600x600.jpg]
[glanz.starkethemes.com/wp-content/uploads/2017/06/14214610370_ccda70fba1_k-3-600x600.jpg]
[glanz.starkethemes.com/wp-content/uploads/2017/06/14378154996_a9923cfa6f_k-1400x933.jpg]
[glanz.starkethemes.com/wp-content/themes/glanztheme/images/animations/rsvp_wh.gif]
[glanz.starkethemes.com/wp-content/themes/glanztheme/images/animations/flower7.gif]
[glanz.starkethemes.com/wp-content/uploads/2017/06/14214345610_af0e495ff2_k-1200x800.jpg]
[glanz.starkethemes.com/wp-content/uploads/2017/06/14214345610_af0e495ff2_k-700x467.jpg]
[glanz.starkethemes.com/wp-content/uploads/2017/06/14214347748_db9bfb6322_k-1200x800.jpg]
[glanz.starkethemes.com/wp-content/uploads/2017/06/14214347748_db9bfb6322_k-700x467.jpg]
[glanz.starkethemes.com/wp-content/uploads/2017/06/14214387908_8ad395d6d0_k-1200x800.jpg]
[glanz.starkethemes.com/wp-content/uploads/2017/06/14214387908_8ad395d6d0_k-700x467.jpg]
[glanz.starkethemes.com/wp-content/uploads/2017/06/14214429749_ad31345b6d_k-1200x800.jpg]
[glanz.starkethemes.com/wp-content/uploads/2017/06/14214429749_ad31345b6d_k-700x467.jpg]
[glanz.starkethemes.com/wp-content/uploads/2017/06/14214473720_7f2af51372_k-1200x800.jpg]
[glanz.starkethemes.com/wp-content/uploads/2017/06/14214473720_7f2af51372_k-700x467.jpg]
[glanz.starkethemes.com/wp-content/uploads/2017/06/14397823931_a8e8cf3fa7_k-1200x800.jpg]
[glanz.starkethemes.com/wp-content/uploads/2017/06/14397823931_a8e8cf3fa7_k-700x467.jpg]
[glanz.starkethemes.com/wp-content/uploads/2017/06/14399908894_b8858a5476_k-1200x800.jpg]
[glanz.starkethemes.com/wp-content/uploads/2017/06/14399908894_b8858a5476_k-700x467.jpg]
[glanz.starkethemes.com/wp-content/uploads/2017/06/14401393205_af78b0dd2f_k-1200x800.jpg]
[glanz.starkethemes.com/wp-content/uploads/2017/06/14401393205_af78b0dd2f_k-700x467.jpg]
[glanz.starkethemes.com/wp-content/uploads/2017/06/14377952686_252620ebb7_k-1200x800.jpg]
[glanz.starkethemes.com/wp-content/uploads/2017/06/14377952686_252620ebb7_k-700x467.jpg]
[glanz.starkethemes.com/wp-content/uploads/2017/06/14399773152_759f6d4057_k-1200x800.jpg]
[glanz.starkethemes.com/wp-content/uploads/2017/06/14399773152_759f6d4057_k-700x467.jpg]
[glanz.starkethemes.com/wp-content/uploads/2017/06/14214358898_8eed03f1d6_k-1200x800.jpg]
[glanz.starkethemes.com/wp-content/uploads/2017/06/14214358898_8eed03f1d6_k-700x467.jpg]
[glanz.starkethemes.com/wp-content/uploads/2017/06/14214397640_d49d0e765d_k-1200x800.jpg]
[glanz.starkethemes.com/wp-content/uploads/2017/06/14214397640_d49d0e765d_k-700x467.jpg]
[glanz.starkethemes.com/wp-content/uploads/2017/06/14214471159_96ea39117f_k-1200x801.jpg]
[glanz.starkethemes.com/wp-content/uploads/2017/06/14214471159_96ea39117f_k-700x467.jpg]
[glanz.starkethemes.com/wp-content/uploads/2017/06/14214610370_ccda70fba1_k-1-1200x800.jpg]
[glanz.starkethemes.com/wp-content/uploads/2017/06/14214610370_ccda70fba1_k-1-700x467.jpg]
[glanz.starkethemes.com/wp-content/uploads/2017/06/14399848562_abaad23e7a_k-1200x800.jpg]
[glanz.starkethemes.com/wp-content/uploads/2017/06/14399848562_abaad23e7a_k-700x467.jpg]
[glanz.starkethemes.com/wp-content/uploads/2017/06/14401390305_9a369d1e4d_k-1200x800.jpg]
[glanz.starkethemes.com/wp-content/uploads/2017/06/14401390305_9a369d1e4d_k-700x467.jpg]
[glanz.starkethemes.com/wp-content/uploads/2017/06/14400933225_3b844816c3_k-1200x800.jpg]
[glanz.starkethemes.com/wp-content/uploads/2017/06/14400933225_3b844816c3_k-700x467.jpg]
[glanz.starkethemes.com/wp-content/uploads/2017/06/14214387908_8ad395d6d0_k-1400x933.jpg]
[glanz.starkethemes.com/wp-content/uploads/2017/06/macys-logo-1-480x180.png]
[glanz.starkethemes.com/wp-content/uploads/2017/06/amazon-1-480x180.png]
[glanz.starkethemes.com/wp-content/uploads/2017/06/bed-bath-beyond-logo-1-480x180.png]
[glanz.starkethemes.com/wp-content/uploads/2017/06/crate-1-480x180.png]
[glanz.starkethemes.com/wp-content/uploads/2017/06/newly-1-480x180.png]
[glanz.starkethemes.com/wp-content/uploads/2017/06/logo21-662x180.png]
[glanz.starkethemes.com/wp-content/uploads/2017/06/14214839668_c094232d97_k-1200x800.jpg]
[glanz.starkethemes.com/wp-content/uploads/2017/06/14214839668_c094232d97_k-700x467.jpg]
[glanz.starkethemes.com/wp-content/uploads/2017/06/14214805748_41d9615733_k-1200x800.jpg]
[glanz.starkethemes.com/wp-content/uploads/2017/06/14214805748_41d9615733_k-700x467.jpg]
[glanz.starkethemes.com/wp-content/uploads/2017/06/14401083075_5bf66d3082_k-1200x801.jpg]
[glanz.starkethemes.com/wp-content/uploads/2017/06/14401083075_5bf66d3082_k-700x467.jpg]
[glanz.starkethemes.com/wp-content/uploads/2017/06/14401497035_5c4a8f0b0a_k-1200x800.jpg]
[glanz.starkethemes.com/wp-content/uploads/2017/06/14401497035_5c4a8f0b0a_k-700x467.jpg]
[glanz.starkethemes.com/wp-content/uploads/2017/06/14214662727_11e5c719f7_k-1200x800.jpg]
[glanz.starkethemes.com/wp-content/uploads/2017/06/14214662727_11e5c719f7_k-700x467.jpg]
[glanz.starkethemes.com/wp-content/uploads/2017/06/14399707332_ca2503be41_k-1200x800.jpg]
[glanz.starkethemes.com/wp-content/uploads/2017/06/14399707332_ca2503be41_k-700x467.jpg]
[glanz.starkethemes.com/wp-content/uploads/2017/06/14421186043_a817e20aa5_k-1200x800.jpg]
[glanz.starkethemes.com/wp-content/uploads/2017/06/14421186043_a817e20aa5_k-700x467.jpg]
[glanz.starkethemes.com/wp-content/uploads/2017/06/14401255335_785c7e78a4_k-1200x800.jpg]
[glanz.starkethemes.com/wp-content/uploads/2017/06/14401255335_785c7e78a4_k-700x467.jpg]
[glanz.starkethemes.com/wp-content/uploads/2017/06/14214456709_b71037d1ed_k-1200x800.jpg]
[glanz.starkethemes.com/wp-content/uploads/2017/06/14214456709_b71037d1ed_k-700x467.jpg]
[glanz.starkethemes.com/wp-content/uploads/2017/06/14421584103_4393f08b6c_k-1200x800.jpg]
[glanz.starkethemes.com/wp-content/uploads/2017/06/14421584103_4393f08b6c_k-700x467.jpg]
[glanz.starkethemes.com/wp-content/uploads/2017/06/14377952686_252620ebb7_k-1400x933.jpg]
[glanz.starkethemes.com/home-2-pink-animated-flowers/index.html]
[glanz.starkethemes.com/wp-json/oembed/1.0/embed9ab7.json]
[glanz.starkethemes.com/wp-json/oembed/1.0/embed529c]
[glanz.starkethemes.com/wp-content/themes/glanztheme/images/animations/ourwedding_gold.gif]
[glanz.starkethemes.com/wp-content/uploads/2017/06/14815177364_46f0b9d71e_k-1400x933.jpg]
[glanz.starkethemes.com/wp-content/uploads/2017/06/14818410145_0413998881_k-1000x666.jpg]
[glanz.starkethemes.com/wp-content/uploads/2017/06/14815312201_0608beeccd_k-1000x666.jpg]
[glanz.starkethemes.com/wp-content/uploads/2017/06/14795026036_19a656e3f6_k-1400x933.jpg]
[glanz.starkethemes.com/wp-content/themes/glanztheme/images/animations/save_gold.gif]
[glanz.starkethemes.com/wp-content/themes/glanztheme/images/animations/ourwedding_gold_wh.gif]
[glanz.starkethemes.com/wp-content/uploads/2017/06/14818599945_45817b7c25_k-2-600x600.jpg]
[glanz.starkethemes.com/wp-content/uploads/2017/06/14814281111_b4f0b02491_k-1-600x600.jpg]
[glanz.starkethemes.com/wp-content/uploads/2017/06/14629215270_1dd23b097e_k-1-600x600.jpg]
[glanz.starkethemes.com/wp-content/uploads/2017/06/14812748891_aef5b27a4a_k-1400x933.jpg]
[glanz.starkethemes.com/wp-content/themes/glanztheme/images/animations/rsvp_gold.gif]
[glanz.starkethemes.com/wp-content/uploads/2017/06/14629241938_afd1c2c19f_k-1200x800.jpg]
[glanz.starkethemes.com/wp-content/uploads/2017/06/14629241938_afd1c2c19f_k-700x467.jpg]
[glanz.starkethemes.com/wp-content/uploads/2017/06/14630573088_e3cb39d65b_k-1200x800.jpg]
[glanz.starkethemes.com/wp-content/uploads/2017/06/14630573088_e3cb39d65b_k-700x467.jpg]
[glanz.starkethemes.com/wp-content/uploads/2017/06/14630753900_1b99896bf8_k-1200x800.jpg]
[glanz.starkethemes.com/wp-content/uploads/2017/06/14630753900_1b99896bf8_k-700x467.jpg]
[glanz.starkethemes.com/wp-content/uploads/2017/06/14630835310_d9b28841fa_k-1200x800.jpg]
[glanz.starkethemes.com/wp-content/uploads/2017/06/14630835310_d9b28841fa_k-700x467.jpg]
[glanz.starkethemes.com/wp-content/uploads/2017/06/14631474507_58851e646e_k-1200x800.jpg]
[glanz.starkethemes.com/wp-content/uploads/2017/06/14631474507_58851e646e_k-700x467.jpg]
[glanz.starkethemes.com/wp-content/uploads/2017/06/14631705149_ff402671b6_k-1200x800.jpg]
[glanz.starkethemes.com/wp-content/uploads/2017/06/14631705149_ff402671b6_k-700x467.jpg]
[glanz.starkethemes.com/wp-content/uploads/2017/06/14814210441_d5f33a00f1_k-1-1200x800.jpg]
[glanz.starkethemes.com/wp-content/uploads/2017/06/14814210441_d5f33a00f1_k-1-700x467.jpg]
[glanz.starkethemes.com/wp-content/uploads/2017/06/14818339605_e6e3955e7a_k-1200x800.jpg]
[glanz.starkethemes.com/wp-content/uploads/2017/06/14818339605_e6e3955e7a_k-700x467.jpg]
[glanz.starkethemes.com/wp-content/uploads/2017/06/14817081322_de48f545d9_k-1200x800.jpg]
[glanz.starkethemes.com/wp-content/uploads/2017/06/14817081322_de48f545d9_k-700x467.jpg]
[glanz.starkethemes.com/wp-content/uploads/2017/06/14815470541_082c1294ad_k-1200x800.jpg]
[glanz.starkethemes.com/wp-content/uploads/2017/06/14815470541_082c1294ad_k-700x467.jpg]
[glanz.starkethemes.com/wp-content/uploads/2017/06/14629366249_a895d3c41c_k-1200x800.jpg]
[glanz.starkethemes.com/wp-content/uploads/2017/06/14629366249_a895d3c41c_k-700x467.jpg]
[glanz.starkethemes.com/wp-content/uploads/2017/06/14630657150_298792a6c8_k-1200x800.jpg]
[glanz.starkethemes.com/wp-content/uploads/2017/06/14630657150_298792a6c8_k-700x467.jpg]
[glanz.starkethemes.com/wp-content/uploads/2017/06/14630831637_e89e5458e8_k-1200x800.jpg]
[glanz.starkethemes.com/wp-content/uploads/2017/06/14630831637_e89e5458e8_k-700x467.jpg]
[glanz.starkethemes.com/wp-content/uploads/2017/06/14630987977_56c6fb9e97_k-1200x800.jpg]
[glanz.starkethemes.com/wp-content/uploads/2017/06/14630987977_56c6fb9e97_k-700x467.jpg]
[glanz.starkethemes.com/wp-content/uploads/2017/06/14631570357_9e9bf04679_k-1200x800.jpg]
[glanz.starkethemes.com/wp-content/uploads/2017/06/14631570357_9e9bf04679_k-700x467.jpg]
[glanz.starkethemes.com/wp-content/uploads/2017/06/14631668589_b6087a9369_k-1200x801.jpg]
[glanz.starkethemes.com/wp-content/uploads/2017/06/14631668589_b6087a9369_k-700x467.jpg]
[glanz.starkethemes.com/wp-content/uploads/2017/06/14814757054_4e9f636ddd_k-1200x800.jpg]
[glanz.starkethemes.com/wp-content/uploads/2017/06/14814757054_4e9f636ddd_k-700x467.jpg]
[glanz.starkethemes.com/wp-content/uploads/2017/06/14816119004_915ea67cff_k-1200x800.jpg]
[glanz.starkethemes.com/wp-content/uploads/2017/06/14816119004_915ea67cff_k-700x467.jpg]
[glanz.starkethemes.com/wp-content/uploads/2017/06/14631668589_b6087a9369_k-1-1400x934.jpg]
[glanz.starkethemes.com/wp-content/themes/glanztheme/images/animations/thanks_gold.gif]
[glanz.starkethemes.com/wp-content/uploads/2017/06/14631705149_ff402671b6_k-2-600x600.jpg]
[glanz.starkethemes.com/wp-content/uploads/2017/06/14631825380_36864500ba_k-1-600x600.jpg]
[glanz.starkethemes.com/wp-content/uploads/2017/06/14631742628_f5ea2dcbc5_k-1-600x600.jpg]
[glanz.starkethemes.com/wp-content/uploads/2017/06/14631884719_c89cc9f497_k-1-600x600.jpg]
[glanz.starkethemes.com/wp-content/uploads/2017/06/14631836527_027fc64457_k-1-600x600.jpg]
[glanz.starkethemes.com/wp-content/uploads/2017/06/14631847169_9254b6da2c_k-1-600x600.jpg]
[glanz.starkethemes.com/wp-content/uploads/2017/06/14815261061_7ef2b91207_k-1-600x600.jpg]
[glanz.starkethemes.com/wp-content/uploads/2017/06/14818362455_4088104429_k-600x600.jpg]
[glanz.starkethemes.com/wp-content/uploads/2017/06/14815470541_082c1294ad_k-1400x933.jpg]
[glanz.starkethemes.com/wp-content/themes/glanztheme/images/animations/just_gold.gif]
[glanz.starkethemes.com/home-3-golden-badges/index.html]
[glanz.starkethemes.com/wp-json/oembed/1.0/embedb70d.json]
[glanz.starkethemes.com/wp-json/oembed/1.0/embed3afc]
[glanz.starkethemes.com/wp-content/uploads/2017/06/14814210441_d5f33a00f1_k-1400x933.jpg]
[glanz.starkethemes.com/home-4-great-flowers/index.html]
[glanz.starkethemes.com/wp-json/oembed/1.0/embed15c0.json]
[glanz.starkethemes.com/wp-json/oembed/1.0/embed27bc]
[glanz.starkethemes.com/wp-content/uploads/2017/06/15499168455_d3a42471c3_k-1400x933.jpg]
[glanz.starkethemes.com/wp-content/themes/glanztheme/images/animations/savethedate.gif]
[glanz.starkethemes.com/wp-content/uploads/2017/06/15312348718_b61a0d7db8_k-1400x933.jpg]
[glanz.starkethemes.com/wp-content/uploads/2017/06/15312922368_65016239b0_k-1200x800.jpg]
[glanz.starkethemes.com/wp-content/uploads/2017/06/15312922368_65016239b0_k-700x467.jpg]
[glanz.starkethemes.com/wp-content/uploads/2017/06/15318554340_37fbf7616c_k-1200x800.jpg]
[glanz.starkethemes.com/wp-content/uploads/2017/06/15318554340_37fbf7616c_k-700x467.jpg]
[glanz.starkethemes.com/wp-content/uploads/2017/06/15319475049_fc467e5874_k-1200x800.jpg]
[glanz.starkethemes.com/wp-content/uploads/2017/06/15319475049_fc467e5874_k-700x467.jpg]
[glanz.starkethemes.com/wp-content/uploads/2017/06/15476203536_73056113ee_k-1200x800.jpg]
[glanz.starkethemes.com/wp-content/uploads/2017/06/15476203536_73056113ee_k-700x467.jpg]
[glanz.starkethemes.com/wp-content/uploads/2017/06/15495150831_0ef33acfe3_k-1200x800.jpg]
[glanz.starkethemes.com/wp-content/uploads/2017/06/15495150831_0ef33acfe3_k-700x467.jpg]
[glanz.starkethemes.com/wp-content/uploads/2017/06/15496676321_adf8baee9e_k-1-1200x800.jpg]
[glanz.starkethemes.com/wp-content/uploads/2017/06/15496676321_adf8baee9e_k-1-700x467.jpg]
[glanz.starkethemes.com/wp-content/uploads/2017/06/15499450535_7e3951ee7a_k-1200x800.jpg]
[glanz.starkethemes.com/wp-content/uploads/2017/06/15499450535_7e3951ee7a_k-700x467.jpg]
[glanz.starkethemes.com/wp-content/uploads/2017/06/15499639522_67c18ba83d_k-1200x800.jpg]
[glanz.starkethemes.com/wp-content/uploads/2017/06/15499639522_67c18ba83d_k-700x467.jpg]
[glanz.starkethemes.com/wp-content/uploads/2017/06/15502403291_7acc15ad4f_k-1-1200x800.jpg]
[glanz.starkethemes.com/wp-content/uploads/2017/06/15502403291_7acc15ad4f_k-1-700x467.jpg]
[glanz.starkethemes.com/wp-content/uploads/2017/06/15503304111_d927414239_k-1-1200x800.jpg]
[glanz.starkethemes.com/wp-content/uploads/2017/06/15503304111_d927414239_k-1-700x467.jpg]
[glanz.starkethemes.com/wp-content/uploads/2017/06/15313164930_8d1c9f3619_k-1200x800.jpg]
[glanz.starkethemes.com/wp-content/uploads/2017/06/15313164930_8d1c9f3619_k-700x467.jpg]
[glanz.starkethemes.com/wp-content/uploads/2017/06/15318861900_9aeb21b1fa_k-1200x800.jpg]
[glanz.starkethemes.com/wp-content/uploads/2017/06/15318861900_9aeb21b1fa_k-700x467.jpg]
[glanz.starkethemes.com/wp-content/uploads/2017/06/15320262760_a24165f45b_k-1200x800.jpg]
[glanz.starkethemes.com/wp-content/uploads/2017/06/15320262760_a24165f45b_k-700x467.jpg]
[glanz.starkethemes.com/wp-content/uploads/2017/06/15484313306_1843f103b0_k-1200x800.jpg]
[glanz.starkethemes.com/wp-content/uploads/2017/06/15484313306_1843f103b0_k-700x467.jpg]
[glanz.starkethemes.com/wp-content/uploads/2017/06/15498738782_0d7cddc826_k-1200x800.jpg]
[glanz.starkethemes.com/wp-content/uploads/2017/06/15498738782_0d7cddc826_k-700x467.jpg]
[glanz.starkethemes.com/wp-content/uploads/2017/06/15499990315_b11d1e7c7f_k-1-1200x800.jpg]
[glanz.starkethemes.com/wp-content/uploads/2017/06/15499990315_b11d1e7c7f_k-1-700x467.jpg]
[glanz.starkethemes.com/wp-content/uploads/2017/06/15502865751_aa36e95627_k-1200x800.jpg]
[glanz.starkethemes.com/wp-content/uploads/2017/06/15502865751_aa36e95627_k-700x467.jpg]
[glanz.starkethemes.com/wp-content/uploads/2017/06/15505245792_7f2c5c9d63_k-1200x800.jpg]
[glanz.starkethemes.com/wp-content/uploads/2017/06/15505245792_7f2c5c9d63_k-700x467.jpg]
[glanz.starkethemes.com/wp-content/uploads/2017/06/15313125490_cddc46c828_k-1400x934.jpg]
[glanz.starkethemes.com/home-5-great-flowers/index.html]
[glanz.starkethemes.com/wp-json/oembed/1.0/embed7fe5.json]
[glanz.starkethemes.com/wp-json/oembed/1.0/embeddf5c]
[glanz.starkethemes.com/wp-content/uploads/2017/06/14399773152_759f6d4057_k-1400x933.jpg]
[glanz.starkethemes.com/home-6-great-flowers/index.html]
[glanz.starkethemes.com/wp-json/oembed/1.0/embedd829.json]
[glanz.starkethemes.com/wp-json/oembed/1.0/embedbde4]
[glanz.starkethemes.com/wp-content/uploads/2017/06/10502734756_d295257d36_k-1400x933.jpg]
[glanz.starkethemes.com/wp-content/uploads/2017/06/10503392955_fb46d6b158_k-1400x933.jpg]
[glanz.starkethemes.com/wp-content/uploads/2017/06/10502663484_d6f61198b4_k-1400x933.jpg]
[glanz.starkethemes.com/wp-content/uploads/2017/06/10503022515_d96d642143_k-1400x933.jpg]
[glanz.starkethemes.com/wp-content/uploads/2017/06/10503209034_51e5fc8878_k-1400x933.jpg]
[glanz.starkethemes.com/home-pege-7/index.html]
[glanz.starkethemes.com/wp-json/oembed/1.0/embed24e3.json]
[glanz.starkethemes.com/wp-json/oembed/1.0/embed32b4]
[glanz.starkethemes.com/wp-content/uploads/2017/06/badge-300x295.png]
[glanz.starkethemes.com/wp-content/uploads/2017/06/15503304111_d927414239_k-4-600x600.jpg]
[glanz.starkethemes.com/wp-content/themes/glanztheme/images/animations/mrandmrs.gif]
[glanz.starkethemes.com/wp-content/uploads/2017/06/15319460687_17d6396bac_k-2-600x600.jpg]
[glanz.starkethemes.com/wp-content/uploads/2017/06/15499990315_b11d1e7c7f_k-1000x666.jpg]
[glanz.starkethemes.com/wp-content/uploads/2017/06/15319753278_2c5a50cb74_k-1000x666.jpg]
[glanz.starkethemes.com/wp-content/uploads/2017/06/tom-pumford-226386-1-900x600.jpg]
[glanz.starkethemes.com/wp-content/uploads/2017/06/tamara-menzi-224980-2-900x600.jpg]
[glanz.starkethemes.com/wp-content/uploads/2017/06/15319475049_fc467e5874_k-2-1400x933.jpg]
[glanz.starkethemes.com/wp-content/uploads/2017/06/15320532559_ee3e0d021d_k-1400x933.jpg]
[glanz.starkethemes.com/wp-content/uploads/2017/06/15319753278_2c5a50cb74_k-1-600x600.jpg]
[glanz.starkethemes.com/wp-content/uploads/2017/06/15319361997_c1640fa738_k-1-600x600.jpg]
[glanz.starkethemes.com/wp-content/uploads/2017/06/15499035192_2d5a8a1e2e_k-1-600x600.jpg]
[glanz.starkethemes.com/wp-content/uploads/2017/06/15496676321_adf8baee9e_k-2-600x600.jpg]
[glanz.starkethemes.com/wp-content/uploads/2017/06/15502403291_7acc15ad4f_k-1400x933.jpg]
[glanz.starkethemes.com/home-8-landing/index.html]
[glanz.starkethemes.com/wp-json/oembed/1.0/embed4416.json]
[glanz.starkethemes.com/wp-json/oembed/1.0/embed778d]
[glanz.starkethemes.com/wp-content/uploads/2017/06/photo-nic-co-uk-nic-224379-600x400.jpg]
[glanz.starkethemes.com/wp-content/uploads/2017/06/brooke-cagle-193349-600x400.jpg]
[glanz.starkethemes.com/wp-content/uploads/2017/06/mitchell-orr-179532-600x400.jpg]
[glanz.starkethemes.com/wp-content/uploads/2017/06/ben-white-131955-600x397.jpg]
[glanz.starkethemes.com/wp-content/uploads/2017/06/tom-pumford-226929-640x480.jpg]
[glanz.starkethemes.com/wp-content/uploads/2017/06/tamara-menzi-224980-640x480.jpg]
[glanz.starkethemes.com/wp-content/uploads/2017/06/tom-pumford-226386-640x480.jpg]
[glanz.starkethemes.com/2017/07/03/6-charitable-ways-to-give-back-on-your-weddin/index.html]
[glanz.starkethemes.com/wp-content/uploads/2017/06/6sb3h9ekz04-matthew-kane-100x100.jpg]
[glanz.starkethemes.com/2017/07/03/james-nicolas-elegant-woodland-barn-weddin/index.html]
[glanz.starkethemes.com/wp-content/uploads/2017/06/4g1xtqiq06o-andrew-branch-100x100.jpg]
[glanz.starkethemes.com/wp-content/uploads/2017/06/1qyw0de2xc8-clem-onojeghuo-100x100.jpg]
[glanz.starkethemes.com/wp-content/uploads/2017/06/macys-logo_bl-480x180.png]
[glanz.starkethemes.com/wp-content/uploads/2017/06/amazon_bl-480x180.png]
[glanz.starkethemes.com/wp-content/uploads/2017/06/bed-bath-beyond-logo_bl-480x180.png]
[glanz.starkethemes.com/wp-content/uploads/2017/06/crate_bl-480x180.png]
[glanz.starkethemes.com/wp-content/uploads/2017/06/newly_bl-480x180.png]
[glanz.starkethemes.com/wp-content/uploads/2017/06/logo21_bl-662x180.png]
[glanz.starkethemes.com/wedding-planner/index.html]
[glanz.starkethemes.com/wp-json/oembed/1.0/embedbb70.json]
[glanz.starkethemes.com/wp-json/oembed/1.0/embed12fe]
[glanz.starkethemes.com/wp-content/uploads/2017/06/alvin-mahmudov-181259-1400x933.jpg]
[glanz.starkethemes.com/wp-content/uploads/2017/06/zivile-arunas-211579-1400x933.jpg]
[glanz.starkethemes.com/wedding-cakes/index.html]
[glanz.starkethemes.com/wp-json/oembed/1.0/embed42f3.json]
[glanz.starkethemes.com/wp-json/oembed/1.0/embed5a5b]
[glanz.starkethemes.com/wp-content/uploads/2017/06/jeremy-wong-254456-600x900.jpg]
[glanz.starkethemes.com/wp-content/uploads/2017/06/marcie-douglass-204244-600x900.jpg]
[glanz.starkethemes.com/wp-content/uploads/2017/06/brooke-lark-203842-600x400.jpg]
[glanz.starkethemes.com/wp-content/uploads/2017/06/amy-treasure-69666-600x400.jpg]
[glanz.starkethemes.com/wp-content/uploads/2017/06/toa-heftiba-227081-600x400.jpg]
[glanz.starkethemes.com/wp-content/uploads/2017/06/toa-heftiba-134254-600x400.jpg]
[glanz.starkethemes.com/wp-content/uploads/2017/06/tamara-menzi-224980-600x400.jpg]
[glanz.starkethemes.com/wp-content/uploads/2017/06/llwjwo200fo-drew-coffman-600x400.jpg]
[glanz.starkethemes.com/wp-content/uploads/2017/06/iviped6yayq-scott-webb-600x399.jpg]
[glanz.starkethemes.com/wedding-flowers/index.html]
[glanz.starkethemes.com/wp-json/oembed/1.0/embedbf6b.json]
[glanz.starkethemes.com/wp-json/oembed/1.0/embed1832]
[glanz.starkethemes.com/wp-content/uploads/2017/07/anne-edgar-119372-1400x933.jpg]
[glanz.starkethemes.com/wp-content/themes/glanztheme/images/invitations/inv_i/save_the_date.gif]
[glanz.starkethemes.com/invitation-i/index.html]
[glanz.starkethemes.com/wp-json/oembed/1.0/embed8273.json]
[glanz.starkethemes.com/wp-json/oembed/1.0/embed0c20]
[glanz.starkethemes.com/wp-content/uploads/2017/07/photo-nic-co-uk-nic-119470-1400x933.jpg]
[glanz.starkethemes.com/wp-content/themes/glanztheme/images/invitations/inv_i/save_the_date_bl.gif]
[glanz.starkethemes.com/invitation-ii/index.html]
[glanz.starkethemes.com/wp-json/oembed/1.0/embed70fd.json]
[glanz.starkethemes.com/wp-json/oembed/1.0/embed7d56]
[glanz.starkethemes.com/wp-content/uploads/2017/07/anne-edgar-119384-2-1400x933.jpg]
[glanz.starkethemes.com/invitation-iii/index.html]
[glanz.starkethemes.com/wp-json/oembed/1.0/embed4dd1.json]
[glanz.starkethemes.com/wp-json/oembed/1.0/embedcb88]
[glanz.starkethemes.com/wp-content/uploads/2017/07/sweet-ice-cream-photography-123164_2-1400x933.jpg]
[glanz.starkethemes.com/wp-content/themes/glanztheme/images/invitations/inv_i/save_the_date_red.gif]
[glanz.starkethemes.com/invitation-iv/index.html]
[glanz.starkethemes.com/wp-includes/js/jquery/jquery-migrate.min.js]
[glanz.starkethemes.com/wp-content/plugins/rsvp/rsvp_plugin.js]
[glanz.starkethemes.com/wp-content/plugins/contact-form-7/includes/js/scripts.js]
[glanz.starkethemes.com/wp-content/plugins/instagram-feed/js/sb-instagram.min.js]
[glanz.starkethemes.com/wp-content/plugins/woocommerce/assets/js/frontend/add-to-cart.min.js]
[glanz.starkethemes.com/wp-content/plugins/woocommerce/assets/js/jquery-blockui/jquery.blockUI.min.js]
[glanz.starkethemes.com/wp-content/plugins/woocommerce/assets/js/js-cookie/js.cookie.min.js]
[glanz.starkethemes.com/wp-content/plugins/woocommerce/assets/js/frontend/woocommerce.min.js]
[glanz.starkethemes.com/wp-content/plugins/woocommerce/assets/js/frontend/cart-fragments.min.js]
[glanz.starkethemes.com/wp-includes/js/imagesloaded.min.js]
[glanz.starkethemes.com/GET.1cc.delayed]
[glanz.starkethemes.com/Popover requires tooltip.js]
[glanz.starkethemes.com/wp-content/themes/glanztheme/js/glanztheme_library.js]
[glanz.starkethemes.com/wp-content/plugins/unyson/framework/static/js/fw-form-helpers.js]
[glanz.starkethemes.com/wp-content/themes/glanztheme/js/navigation.js]
[glanz.starkethemes.com/wp-content/themes/glanztheme/js/skip-link-focus-fix.js]
[glanz.starkethemes.com/wp-content/themes/glanztheme/js/glanztheme_script.js]
[glanz.starkethemes.com/wp-content/plugins/speed-booster-pack/inc/js/jquery.unveil.min.js]
[glanz.starkethemes.com/wp-content/plugins/unyson/framework/extensions/shortcodes/shortcodes/section/static/js/core.js]
[glanz.starkethemes.com/wp-content/plugins/unyson/framework/extensions/shortcodes/shortcodes/section/static/js/transition.js]
[glanz.starkethemes.com/wp-content/plugins/unyson/framework/extensions/shortcodes/shortcodes/section/static/js/background.js]
[glanz.starkethemes.com/wp-content/plugins/unyson/framework/extensions/shortcodes/shortcodes/section/static/js/background.init.js]
[glanz.starkethemes.com/wp-includes/js/wp-embed.min.js]
[glanz.starkethemes.com/wp-content/plugins/woocommerce/assets/fonts/star.svg]
[glanz.starkethemes.com/wp-content/plugins/woocommerce/assets/fonts/WooCommerce.svg]
[glanz.starkethemes.com/wp-content/plugins/woocommerce/assets/images/icons/loader.svg]
[glanz.starkethemes.com/wp-content/plugins/woocommerce/assets/images/icons/credit-cards/visa.svg]
[glanz.starkethemes.com/wp-content/plugins/woocommerce/assets/images/icons/credit-cards/mastercard.svg]
[glanz.starkethemes.com/wp-content/plugins/woocommerce/assets/images/icons/credit-cards/laser.svg]
[glanz.starkethemes.com/wp-content/plugins/woocommerce/assets/images/icons/credit-cards/diners.svg]
[glanz.starkethemes.com/wp-content/plugins/woocommerce/assets/images/icons/credit-cards/maestro.svg]
[glanz.starkethemes.com/wp-content/plugins/woocommerce/assets/images/icons/credit-cards/jcb.svg]
[glanz.starkethemes.com/wp-content/plugins/woocommerce/assets/images/icons/credit-cards/amex.svg]
[glanz.starkethemes.com/wp-content/plugins/woocommerce/assets/images/icons/credit-cards/discover.svg]
[glanz.starkethemes.com/wp-content/themes/glanztheme/fonts/glyphicons-halflings-regular.html]
[glanz.starkethemes.com/wp-content/themes/glanztheme/fonts/glyphicons-halflings-regulard41d.html]
[glanz.starkethemes.com/wp-content/themes/glanztheme/fonts/glyphicons-halflings-regular-2.html]
[glanz.starkethemes.com/wp-content/themes/glanztheme/fonts/glyphicons-halflings-regular-3.html]
[glanz.starkethemes.com/wp-content/themes/glanztheme/fonts/glyphicons-halflings-regular-4.html]
[glanz.starkethemes.com/wp-content/themes/glanztheme/fonts/glyphicons-halflings-regular-5.html]
[glanz.starkethemes.com/wp-content/themes/glanztheme/css/grabbing.html]
[glanz.starkethemes.com/wp-content/themes/glanztheme/css/AjaxLoader.html]
[glanz.starkethemes.com/wp-content/themes/glanztheme/fonts/fonts/themify.svg]
[glanz.starkethemes.com/wp-content/themes/glanztheme/fonts/wedding/Flaticon.svg]
[glanz.starkethemes.com/wp-content/themes/glanztheme/fonts/marsha/marsha_belle_demo_version-webfont.svg]
[glanz.starkethemes.com/wp-content/themes/glanztheme/images/enhance_logo_n.html]
[glanz.starkethemes.com/wp-content/themes/glanztheme/images/macbook2.html]
[glanz.starkethemes.com/wp-content/themes/glanztheme/images/gla_desktop.html]
[glanz.starkethemes.com/wp-content/themes/glanztheme/images/gla_mobile_header.html]
[glanz.starkethemes.com/wp-content/themes/glanztheme/images/gla_tablet_header.html]
[glanz.starkethemes.com/wp-content/plugins/unyson/framework/static/libs/font-awesome/fonts/fontawesome-webfont3e6e.svg]
[glanz.starkethemes.com/category/news/index.html]
[glanz.starkethemes.com/wp-json/oembed/1.0/embed41a3.json]
[glanz.starkethemes.com/author/admin/index.html]
[glanz.starkethemes.com/wp-json/oembed/1.0/embed0d7e]
[glanz.starkethemes.com/2017/07/03/natalia-xaviers-parisian-engagement-shoot/index.html]
[glanz.starkethemes.com/wp-includes/js/comment-reply.min.js]
[glanz.starkethemes.com/wp-content/uploads/2017/06/jez-timms-761-300x300.jpg]
[glanz.starkethemes.com/wp-content/uploads/2017/06/lanty-250628-300x300.jpg]
[glanz.starkethemes.com/product/same-day-fresh-from-a-florist/index.html]
[glanz.starkethemes.com/product-category/flowers/index256c.html]
[glanz.starkethemes.com/wp-content/uploads/2017/06/pro-image-photography-126737-300x300.jpg]
[glanz.starkethemes.com/product/same-day-fresh-from-a-florist-2/index.html]
[glanz.starkethemes.com/product-category/flowers/indexcdea.html]
[glanz.starkethemes.com/wp-content/uploads/2017/06/sweet-ice-cream-photography-87191-300x300.jpg]
[glanz.starkethemes.com/product/same-day-fresh-from-a-florist-3/index.html]
[glanz.starkethemes.com/product-category/flowers/index7c9e.html]
[glanz.starkethemes.com/wp-content/uploads/2017/06/sweet-ice-cream-photography-123164-300x300.jpg]
[glanz.starkethemes.com/product/same-day-fresh-from-a-florist-4/index.html]
[glanz.starkethemes.com/product-category/flowers/index2799.html]
[glanz.starkethemes.com/wp-content/uploads/2017/06/tamara-menzi-224980-300x300.jpg]
[glanz.starkethemes.com/product-category/flowers/index.html]
[glanz.starkethemes.com/product/same-day-fresh-from-a-florist-5/index.html]
[glanz.starkethemes.com/product-category/flowers/index110b.html]
[glanz.starkethemes.com/product-category/flowers/index2239.html]
[glanz.starkethemes.com/wp-json/oembed/1.0/embed92ee.json]
[glanz.starkethemes.com/wp-json/oembed/1.0/embeda94b]
[glanz.starkethemes.com/wp-content/uploads/2017/06/tamara-menzi-224980.jpg]
[glanz.starkethemes.com/wp-content/uploads/2017/06/tamara-menzi-224980-600x600.jpg]
[glanz.starkethemes.com/product/same-day-fresh-from-a-florist-6/index.html]
[glanz.starkethemes.com/wp-content/plugins/woocommerce/assets/js/frontend/single-product.min.js]
[glanz.starkethemes.com/product/same-day-fresh-from-a-florist-6/indexcdea.html]
[glanz.starkethemes.com/product/same-day-fresh-from-a-florist-6/index256c.html]
[glanz.starkethemes.com/product/same-day-fresh-from-a-florist-6/index2799.html]
[glanz.starkethemes.com/wp-json/oembed/1.0/embedade1.json]
[glanz.starkethemes.com/product/same-day-fresh-from-a-florist-6/index7c9e.html]
[glanz.starkethemes.com/wp-json/oembed/1.0/embed3605]
[glanz.starkethemes.com/when-where-blocks/index.html]
[glanz.starkethemes.com/wp-json/oembed/1.0/embedf43f.json]
[glanz.starkethemes.com/friends-blocks/index.html]
[glanz.starkethemes.com/wp-json/oembed/1.0/embed2203]
[glanz.starkethemes.com/wp-json/oembed/1.0/embed8dde.json]
[platform.twitter.com/widgets.js]
[glanz.starkethemes.com/about-us-blocks/index.html]
[glanz.starkethemes.com/wp-json/oembed/1.0/embeddb6d]
[glanz.starkethemes.com/wp-json/oembed/1.0/embed92e7.json]
[glanz.starkethemes.com/save-the-date-blocks/index.html]
[glanz.starkethemes.com/wp-json/oembed/1.0/embed34f4]
[glanz.starkethemes.com/wp-json/oembed/1.0/embed7a0f.json]
[glanz.starkethemes.com/rsvp-blocks/index.html]
[glanz.starkethemes.com/wp-json/oembed/1.0/embed38dd]
[glanz.starkethemes.com/wp-json/oembed/1.0/embed7eda.json]
[glanz.starkethemes.com/wp-json/oembed/1.0/embed307a]
[glanz.starkethemes.com/wp-content/themes/glanztheme/images/animations/and_wh.gif]
[glanz.starkethemes.com/wp-content/themes/glanztheme/images/animations/for_wh.gif]
[glanz.starkethemes.com/wp-content/themes/glanztheme/images/animations/mrandmrs_wh.gif]
[glanz.starkethemes.com/wp-content/themes/glanztheme/images/animations/for.gif]
[glanz.starkethemes.com/wp-content/themes/glanztheme/images/animations/and.gif]
[glanz.starkethemes.com/wp-content/themes/glanztheme/images/animations/thnyou.gif]
[glanz.starkethemes.com/wp-content/themes/glanztheme/images/animations/and_gold.gif]
[glanz.starkethemes.com/wp-content/themes/glanztheme/images/animations/mr_gold.gif]
[glanz.starkethemes.com/wp-content/themes/glanztheme/images/animations/for_gold.gif]
[glanz.starkethemes.com/wp-content/themes/glanztheme/images/animations/save_gold_wh.gif]
[glanz.starkethemes.com/wp-content/themes/glanztheme/images/animations/and_gold_wh.gif]
[glanz.starkethemes.com/wp-content/themes/glanztheme/images/animations/just_gold_wh.gif]
[glanz.starkethemes.com/wp-content/themes/glanztheme/images/animations/for_gold_wh.gif]
[glanz.starkethemes.com/wp-content/themes/glanztheme/images/animations/mr_gold_wh.gif]
[glanz.starkethemes.com/wp-content/themes/glanztheme/images/animations/rsvp_gold_wh.gif]
[glanz.starkethemes.com/wp-content/themes/glanztheme/images/animations/flowers4.gif]
[glanz.starkethemes.com/all-animated-badges/index.html]
[glanz.starkethemes.com/wp-json/oembed/1.0/embedca3e.json]
[glanz.starkethemes.com/wp-json/oembed/1.0/embed869b]
[glanz.starkethemes.com/wp-content/plugins/gwolle-gb/frontend/css/gwolle-gb-frontend.css]
[glanz.starkethemes.com/guestbook/index.html]
[glanz.starkethemes.com/wp-content/plugins/gwolle-gb/frontend/js/gwolle-gb-frontend.js]
[glanz.starkethemes.com/wp-json/oembed/1.0/embed8d54.json]
[glanz.starkethemes.com/wp-json/oembed/1.0/embedf77c]
[glanz.starkethemes.com/wp-includes/js/underscore.min.js]
[glanz.starkethemes.com/wp-content/plugins/frontend-uploader/lib/js/validate/jquery.validate.min.js]
[glanz.starkethemes.com/wp-content/plugins/frontend-uploader/lib/js/validate/additional-methods.min.js]
[glanz.starkethemes.com/wp-content/plugins/frontend-uploader/lib/js/underscore.string.min.js]
[glanz.starkethemes.com/frontend-uploader/index.html]
[glanz.starkethemes.com/wp-content/plugins/frontend-uploader/lib/js/frontend-uploader.js]
[glanz.starkethemes.com/wp-json/oembed/1.0/embeda67a.json]
[glanz.starkethemes.com/shortcodes/index.html]
[glanz.starkethemes.com/wp-json/oembed/1.0/embedfc32]
[glanz.starkethemes.com/wp-json/oembed/1.0/embed065f.json]
[glanz.starkethemes.com/instagram/index.html]
[glanz.starkethemes.com/wp-json/oembed/1.0/embed36de]
[glanz.starkethemes.com/wp-json/oembed/1.0/embede020.json]
[glanz.starkethemes.com/wp-json/oembed/1.0/embed55e5]
[glanz.starkethemes.com/wp-content/uploads/2017/07/main_logo_wh-300x208.png]
[glanz.starkethemes.com/preloader/index.html]
[glanz.starkethemes.com/wp-json/oembed/1.0/embed1708.json]
[glanz.starkethemes.com/wp-json/oembed/1.0/embed2e6a]
[glanz.starkethemes.com/testimonials/index.html]
[glanz.starkethemes.com/wp-json/oembed/1.0/embed9280.json]
[glanz.starkethemes.com/wp-json/oembed/1.0/embed6274]
[glanz.starkethemes.com/wp-content/uploads/2017/07/350950598.mp4]
[glanz.starkethemes.com/wp-content/uploads/2017/07/350950598.webm]
[glanz.starkethemes.com/video-intro-page/index.html]
[glanz.starkethemes.com/wp-json/oembed/1.0/embedf78f.json]
[glanz.starkethemes.com/wp-json/oembed/1.0/embed48ac]
[glanz.starkethemes.com/video-slider/index.html]
[glanz.starkethemes.com/wp-json/oembed/1.0/embed947f.json]
[glanz.starkethemes.com/wp-json/oembed/1.0/embed5814]
[glanz.starkethemes.com/slider-page/index.html]
[glanz.starkethemes.com/wp-json/oembed/1.0/embed7603.json]
[glanz.starkethemes.com/wp-json/oembed/1.0/embedd37b]
[glanz.starkethemes.com/wp-content/uploads/2017/06/glanz_logo-197x100.png]
[glanz.starkethemes.com/transparent-header/index.html]
[glanz.starkethemes.com/wp-json/oembed/1.0/embed5197.json]
[glanz.starkethemes.com/wp-json/oembed/1.0/embedd3dc]
[glanz.starkethemes.com/wp-content/uploads/2017/06/glanz_logo_bl-197x100.png]
[glanz.starkethemes.com/white-header/index.html]
[glanz.starkethemes.com/wp-json/oembed/1.0/embed31d6.json]
[glanz.starkethemes.com/wp-json/oembed/1.0/embed4d74]
[glanz.starkethemes.com/black-header/index.html]
[glanz.starkethemes.com/wp-json/oembed/1.0/embed5fd9.json]
[glanz.starkethemes.com/wp-json/oembed/1.0/embed4af7]
[glanz.starkethemes.com/image-header/index.html]
[glanz.starkethemes.com/wp-content/plugins/unyson/framework/extensions/shortcodes/shortcodes/divider/static/css/styles.css]
[glanz.starkethemes.com/wp-json/oembed/1.0/embed8dbe.json]
[glanz.starkethemes.com/wp-json/oembed/1.0/embedbb62]
[glanz.starkethemes.com/2017/07/03/6-charitable-ways-to-give-back-on-your-weddin/index.html]
[glanz.starkethemes.com/wp-json/oembed/1.0/embede0c8.json]
[glanz.starkethemes.com/wp-json/oembed/1.0/embed04d9]
[glanz.starkethemes.com/2017/07/03/james-nicolas-elegant-woodland-barn-weddin/index.html]
[glanz.starkethemes.com/GET.html]
[glanz.starkethemes.com/Popover requires tooltip.html]
[glanz.starkethemes.com/author/admin/index.html]
[glanz.starkethemes.com/xmlrpc.php]
[glanz.starkethemes.com/wp-includes/js/comment-reply.min.js]
[glanz.starkethemes.com/wp-json/oembed/1.0/embede645.json]
[glanz.starkethemes.com/wp-json/oembed/1.0/embed523c]
[glanz.starkethemes.com/wp-content/uploads/2017/06/jez-timms-761.jpg]
[glanz.starkethemes.com/wp-content/uploads/2017/06/jez-timms-761-600x600.jpg]
[glanz.starkethemes.com/product/same-day-fresh-from-a-florist/index.html]
[glanz.starkethemes.com/product/same-day-fresh-from-a-florist/index7c9e.html]
[glanz.starkethemes.com/product-category/flowers/index256c.html]
[glanz.starkethemes.com/product/same-day-fresh-from-a-florist/index110b.html]
[glanz.starkethemes.com/product/same-day-fresh-from-a-florist/indexcdea.html]
[glanz.starkethemes.com/product/same-day-fresh-from-a-florist/index2239.html]
[glanz.starkethemes.com/wp-json/oembed/1.0/embed9eca.json]
[glanz.starkethemes.com/cart/index.html]
[glanz.starkethemes.com/wp-json/oembed/1.0/embed64e5]
[glanz.starkethemes.com/wp-content/uploads/2017/06/lanty-250628.jpg]
[glanz.starkethemes.com/wp-content/uploads/2017/06/lanty-250628-600x600.jpg]
[glanz.starkethemes.com/product/same-day-fresh-from-a-florist-2/index.html]
[glanz.starkethemes.com/product/same-day-fresh-from-a-florist-2/index2799.html]
[glanz.starkethemes.com/product-category/flowers/indexcdea.html]
[glanz.starkethemes.com/product/same-day-fresh-from-a-florist-2/index110b.html]
[glanz.starkethemes.com/product/same-day-fresh-from-a-florist-2/index2239.html]
[glanz.starkethemes.com/product/same-day-fresh-from-a-florist-2/index7c9e.html]
[glanz.starkethemes.com/wp-json/oembed/1.0/embedd745.json]
[glanz.starkethemes.com/wp-json/oembed/1.0/embed4cc1]
[glanz.starkethemes.com/wp-content/uploads/2017/06/pro-image-photography-126737.jpg]
[glanz.starkethemes.com/wp-content/uploads/2017/06/pro-image-photography-126737-600x600.jpg]
[glanz.starkethemes.com/product/same-day-fresh-from-a-florist-3/index.html]
[glanz.starkethemes.com/product/same-day-fresh-from-a-florist-3/index2799.html]
[glanz.starkethemes.com/product-category/flowers/index7c9e.html]
[glanz.starkethemes.com/product/same-day-fresh-from-a-florist-3/index256c.html]
[glanz.starkethemes.com/product/same-day-fresh-from-a-florist-3/index110b.html]
[glanz.starkethemes.com/wp-json/oembed/1.0/embed1aae.json]
[glanz.starkethemes.com/product/same-day-fresh-from-a-florist-3/indexcdea.html]
[glanz.starkethemes.com/wp-content/uploads/2017/06/sweet-ice-cream-photography-87191.jpg]
[glanz.starkethemes.com/wp-json/oembed/1.0/embed8ddd]
[glanz.starkethemes.com/wp-content/uploads/2017/06/sweet-ice-cream-photography-87191-600x600.jpg]
[glanz.starkethemes.com/product/same-day-fresh-from-a-florist-4/index.html]
[glanz.starkethemes.com/product/same-day-fresh-from-a-florist-4/index256c.html]
[glanz.starkethemes.com/product-category/flowers/index2799.html]
[glanz.starkethemes.com/product/same-day-fresh-from-a-florist-4/index2239.html]
[glanz.starkethemes.com/product/same-day-fresh-from-a-florist-4/index7c9e.html]
[glanz.starkethemes.com/product/same-day-fresh-from-a-florist-4/indexcdea.html]
[glanz.starkethemes.com/wp-json/oembed/1.0/embed06c2.json]
[glanz.starkethemes.com/wp-json/oembed/1.0/embed8384]
[glanz.starkethemes.com/wp-content/uploads/2017/06/sweet-ice-cream-photography-123164.jpg]
[glanz.starkethemes.com/wp-content/uploads/2017/06/sweet-ice-cream-photography-123164-600x600.jpg]
[glanz.starkethemes.com/product/same-day-fresh-from-a-florist-5/index.html]
[glanz.starkethemes.com/product/same-day-fresh-from-a-florist-5/index7c9e.html]
[glanz.starkethemes.com/product-category/flowers/index110b.html]
[glanz.starkethemes.com/product/same-day-fresh-from-a-florist-5/indexcdea.html]
[glanz.starkethemes.com/product-category/flowers/index2239.html]
[glanz.starkethemes.com/product/same-day-fresh-from-a-florist-5/index256c.html]
[glanz.starkethemes.com/product/same-day-fresh-from-a-florist-6/indexcdea.html]
[glanz.starkethemes.com/product/same-day-fresh-from-a-florist-5/index2239.html]
[glanz.starkethemes.com/product/same-day-fresh-from-a-florist-6/index256c.html]
[glanz.starkethemes.com/product/same-day-fresh-from-a-florist-6/index2799.html]
[glanz.starkethemes.com/product/same-day-fresh-from-a-florist-6/index7c9e.html]
[glanz.starkethemes.com/wp-content/plugins/woocommerce/assets/js/frontend/single-product.min.js]
[glanz.starkethemes.com/product/same-day-fresh-from-a-florist-6/index110b.html]
[glanz.starkethemes.com/wp-content/plugins/gwolle-gb/frontend/images/loading.gif]
[glanz.starkethemes.com/wp-content/plugins/gwolle-gb/frontend/css/gwolle-gb-frontend.css]
[glanz.starkethemes.com/wp-content/plugins/gwolle-gb/frontend/js/gwolle-gb-frontend.js]
[glanz.starkethemes.com/wp-content/plugins/frontend-uploader/lib/css/frontend-uploader.css]
[glanz.starkethemes.com/wp-includes/js/underscore.min.js]
[glanz.starkethemes.com/wp-content/plugins/frontend-uploader/lib/js/validate/jquery.validate.min.js]
[glanz.starkethemes.com/wp-content/plugins/frontend-uploader/lib/js/validate/additional-methods.min.js]
[glanz.starkethemes.com/wp-content/plugins/frontend-uploader/lib/js/underscore.string.min.js]
[glanz.starkethemes.com/wp-content/plugins/frontend-uploader/lib/js/frontend-uploader.js]
[glanz.starkethemes.com/product/same-day-fresh-from-a-florist/index7c9e.html]
[glanz.starkethemes.com/product/same-day-fresh-from-a-florist/index110b.html]
[glanz.starkethemes.com/product/same-day-fresh-from-a-florist/indexcdea.html]
[glanz.starkethemes.com/product/same-day-fresh-from-a-florist/index2239.html]
[glanz.starkethemes.com/wp-content/plugins/woocommerce/assets/css/select2.css]
[glanz.starkethemes.com/product/same-day-fresh-from-a-florist/index2799.html]
[glanz.starkethemes.com/wp-json/oembed/1.0/embed8e4f.json]
[glanz.starkethemes.com/wp-json/oembed/1.0/embed98dc]
[glanz.starkethemes.com/wp-content/uploads/2017/06/jez-timms-761-180x180.jpg]
[glanz.starkethemes.com/wp-content/uploads/2017/06/lanty-250628-180x180.jpg]
[glanz.starkethemes.com/wp-content/uploads/2017/06/pro-image-photography-126737-180x180.jpg]
[glanz.starkethemes.com/wp-content/uploads/2017/06/sweet-ice-cream-photography-87191-180x180.jpg]
[glanz.starkethemes.com/wp-content/uploads/2017/06/sweet-ice-cream-photography-123164-180x180.jpg]
[glanz.starkethemes.com/wp-content/uploads/2017/06/tamara-menzi-224980-180x180.jpg]
[glanz.starkethemes.com/wp-content/plugins/woocommerce/assets/js/frontend/country-select.min.js]
[glanz.starkethemes.com/wp-content/plugins/woocommerce/assets/js/frontend/address-i18n.min.js]
[glanz.starkethemes.com/wp-content/plugins/woocommerce/assets/js/frontend/cart.min.js]
[glanz.starkethemes.com/wp-content/plugins/woocommerce/assets/js/selectWoo/selectWoo.full.min.js]
[glanz.starkethemes.com/cart/index.html]
[glanz.starkethemes.com/product/same-day-fresh-from-a-florist-2/index2799.html]
[glanz.starkethemes.com/product/same-day-fresh-from-a-florist-2/index110b.html]
[glanz.starkethemes.com/product/same-day-fresh-from-a-florist-2/index2239.html]
[glanz.starkethemes.com/product/same-day-fresh-from-a-florist-2/index7c9e.html]
[glanz.starkethemes.com/product/same-day-fresh-from-a-florist-3/index2799.html]
[glanz.starkethemes.com/product/same-day-fresh-from-a-florist-3/index256c.html]
[glanz.starkethemes.com/product/same-day-fresh-from-a-florist-3/index110b.html]
[glanz.starkethemes.com/product/same-day-fresh-from-a-florist-3/indexcdea.html]
[glanz.starkethemes.com/product/same-day-fresh-from-a-florist-4/index256c.html]
[glanz.starkethemes.com/wp-content/plugins/woocommerce/assets/js/frontend/password-strength-meter.min.js]
[glanz.starkethemes.com/product/same-day-fresh-from-a-florist-4/index2239.html]
[glanz.starkethemes.com/product/same-day-fresh-from-a-florist-4/index7c9e.html]
[glanz.starkethemes.com/product/same-day-fresh-from-a-florist-4/indexcdea.html]
[glanz.starkethemes.com/product/same-day-fresh-from-a-florist-5/index7c9e.html]
[glanz.starkethemes.com/product/same-day-fresh-from-a-florist-3/index2239.html]
[glanz.starkethemes.com/product/same-day-fresh-from-a-florist-5/indexcdea.html]
[glanz.starkethemes.com/product/same-day-fresh-from-a-florist-2/index256c.html]
[glanz.starkethemes.com/product/same-day-fresh-from-a-florist-5/index256c.html]
[glanz.starkethemes.com/product/same-day-fresh-from-a-florist-5/index2239.html]
[glanz.starkethemes.com/product/same-day-fresh-from-a-florist-6/index110b.html]
[glanz.starkethemes.com/product/same-day-fresh-from-a-florist/index2799.html]
[glanz.starkethemes.com/wp-content/plugins/woocommerce/assets/css/select2.css]
[glanz.starkethemes.com/cart/index408d.html]
[glanz.starkethemes.com/cart/index4ede.html]
[glanz.starkethemes.com/cart/index833e.html]
[glanz.starkethemes.com/cart/index9d8f.html]
[glanz.starkethemes.com/cart/index400d.html]
[glanz.starkethemes.com/cart/indexca15.html]
[glanz.starkethemes.com/checkout/index.html]
[glanz.starkethemes.com/wp-content/plugins/woocommerce/assets/js/frontend/country-select.min.js]
[glanz.starkethemes.com/wp-content/plugins/woocommerce/assets/js/frontend/address-i18n.min.js]
[glanz.starkethemes.com/wp-content/plugins/woocommerce/assets/js/frontend/cart.min.js]
[glanz.starkethemes.com/product/same-day-fresh-from-a-florist-4/index110b.html]
[glanz.starkethemes.com/wp-content/plugins/woocommerce/assets/js/selectWoo/selectWoo.full.min.js]
[glanz.starkethemes.com/wp-includes/js/zxcvbn-async.min.js]
[glanz.starkethemes.com/wp-content/plugins/woocommerce/assets/js/frontend/password-strength-meter.min.js]
[glanz.starkethemes.com/product/same-day-fresh-from-a-florist-2/index256c.html]
[glanz.starkethemes.com/product/same-day-fresh-from-a-florist-5/index2799.html]
[glanz.starkethemes.com/product/same-day-fresh-from-a-florist-3/index2239.html]
[glanz.starkethemes.com/product/same-day-fresh-from-a-florist-4/index110b.html]
[glanz.starkethemes.com/cart/indexaafe.html]
[glanz.starkethemes.com/product/same-day-fresh-from-a-florist-5/index2799.html]
[glanz.starkethemes.com/cart/indexaafe.html]
[glanz.starkethemes.com/cart/indexff66.html]
[glanz.starkethemes.com/cart/index0c7f.html]
[glanz.starkethemes.com/cart/index175b.html]
[glanz.starkethemes.com/cart/index8665.html]
[glanz.starkethemes.com/cart/index4da7.html]
[glanz.starkethemes.com/cart/index97df.html]
